%!Adobe-FontList 1.20
%Locale:0x412

%BeginFont
Handler:DirectoryHandler
FontType:Invalid
OutlineFileName:E:\Resource\Portpolio\Font\AbrilFatface-Regular.woff
FileModTime:1652670628
%EndFont

%BeginFont
Handler:DirectoryHandler
FontType:Invalid
OutlineFileName:E:\Resource\Portpolio\Font\GmarketSansBold.woff
FileModTime:1652670628
%EndFont

%BeginFont
Handler:DirectoryHandler
FontType:Invalid
OutlineFileName:E:\Resource\Portpolio\Font\GmarketSansLight.woff
FileModTime:1652670628
%EndFont

%BeginFont
Handler:DirectoryHandler
FontType:Invalid
OutlineFileName:E:\Resource\Portpolio\Font\GmarketSansMedium.woff
FileModTime:1652670628
%EndFont

%BeginFont
Handler:DirectoryHandler
FontType:Invalid
OutlineFileName:E:\Resource\Portpolio\Font\NotoSansKR-Black.woff
FileModTime:1652670628
%EndFont

%BeginFont
Handler:DirectoryHandler
FontType:Invalid
OutlineFileName:E:\Resource\Portpolio\Font\NotoSansKR-Bold.woff
FileModTime:1652670628
%EndFont

%BeginFont
Handler:DirectoryHandler
FontType:Invalid
OutlineFileName:E:\Resource\Portpolio\Font\NotoSansKR-Light.woff
FileModTime:1652670628
%EndFont

%BeginFont
Handler:DirectoryHandler
FontType:Invalid
OutlineFileName:E:\Resource\Portpolio\Font\NotoSansKR-Medium.woff
FileModTime:1652670628
%EndFont

%BeginFont
Handler:DirectoryHandler
FontType:Invalid
OutlineFileName:E:\Resource\Portpolio\Font\NotoSansKR-Regular.woff
FileModTime:1652670628
%EndFont

%BeginFont
Handler:DirectoryHandler
FontType:Invalid
OutlineFileName:E:\Resource\Portpolio\Font\NotoSansKR-Thin.woff
FileModTime:1652670628
%EndFont

